#
# There is insufficient memory for the Java Runtime Environment to continue.
# Native memory allocation (malloc) failed to allocate 1006816 bytes. Error detail: Chunk::new
# Possible reasons:
#   The system is out of physical RAM or swap space
#   This process is running with CompressedOops enabled, and the Java Heap may be blocking the growth of the native heap
# Possible solutions:
#   Reduce memory load on the system
#   Increase physical memory or swap space
#   Check if swap backing store is full
#   Decrease Java heap size (-Xmx/-Xms)
#   Decrease number of Java threads
#   Decrease Java thread stack sizes (-Xss)
#   Set larger code cache with -XX:ReservedCodeCacheSize=
#   JVM is running with Zero Based Compressed Oops mode in which the Java heap is
#     placed in the first 32GB address space. The Java Heap base address is the
#     maximum limit for the native heap growth. Please use -XX:HeapBaseMinAddress
#     to set the Java Heap base and to place the Java Heap above 32GB virtual address.
# This output file may be truncated or incomplete.
#
#  Out of Memory Error (arena.cpp:168), pid=24000, tid=23688
#
# JRE version: OpenJDK Runtime Environment (21.0.10) (build 21.0.10+-14961533-b1163.108)
# Java VM: OpenJDK 64-Bit Server VM (21.0.10+-14961533-b1163.108, mixed mode, tiered, compressed oops, compressed class ptrs, g1 gc, windows-amd64)
# No core dump will be written. Minidumps are not enabled by default on client versions of Windows
#

---------------  S U M M A R Y ------------

Command Line: git4idea.http.GitAskPassApp Username for 'https://github.com': 

Host: 12th Gen Intel(R) Core(TM) i7-1255U, 12 cores, 15G,  Windows 11 , 64 bit Build 26100 (10.0.26100.8737)
Time: Sun Jun 28 01:50:43 2026 Jerusalem Daylight Time elapsed time: 0.510811 seconds (0d 0h 0m 0s)

---------------  T H R E A D  ---------------

Current thread (0x000001185f0b9470):  JavaThread "C2 CompilerThread0" daemon [_thread_in_native, id=23688, stack(0x0000000dfa200000,0x0000000dfa300000) (1024K)]


Current CompileTask:
C2:511 1071       4       sun.security.ec.ECOperations::setDouble (463 bytes)

Stack: [0x0000000dfa200000,0x0000000dfa300000]
Native frames: (J=compiled Java code, j=interpreted, Vv=VM code, C=native code)
V  [jvm.dll+0x6d78a9]
V  [jvm.dll+0x8665b3]
V  [jvm.dll+0x868bde]
V  [jvm.dll+0x8692c3]
V  [jvm.dll+0x280ee6]
V  [jvm.dll+0xc07cd]
V  [jvm.dll+0xc0d03]
V  [jvm.dll+0x2f6170]
V  [jvm.dll+0x6003e9]
V  [jvm.dll+0x252ce2]
V  [jvm.dll+0x25309f]
V  [jvm.dll+0x24b845]
V  [jvm.dll+0x24909e]
V  [jvm.dll+0x1c76e4]
V  [jvm.dll+0x25891e]
V  [jvm.dll+0x256e66]
V  [jvm.dll+0x3f513e]
V  [jvm.dll+0x80fd28]
V  [jvm.dll+0x6d60fd]
C  [ucrtbase.dll+0x2cd30]
C  [KERNEL32.DLL+0x2e957]
C  [ntdll.dll+0xaad6c]


---------------  P R O C E S S  ---------------

Threads class SMR info:
_java_thread_list=0x000001185f7c9fe0, length=16, elements={
0x000001183e885f10, 0x000001185f054940, 0x000001185f06fe90, 0x000001185f0708f0,
0x000001185f0b3ad0, 0x000001185f0b4530, 0x000001185f0b4f90, 0x000001185f0b59f0,
0x000001185f0b9470, 0x000001185f0b9f10, 0x000001185f250d40, 0x000001185f761910,
0x000001185f7c2dd0, 0x000001185f8cd2e0, 0x000001185f812670, 0x000001185f812d20
}

Java Threads: ( => current thread )
  0x000001183e885f10 JavaThread "main"                              [_thread_blocked, id=29372, stack(0x0000000df9300000,0x0000000df9400000) (1024K)]
  0x000001185f054940 JavaThread "Common-Cleaner"             daemon [_thread_blocked, id=3112, stack(0x0000000df9b00000,0x0000000df9c00000) (1024K)]
  0x000001185f06fe90 JavaThread "Reference Handler"          daemon [_thread_blocked, id=1536, stack(0x0000000df9c00000,0x0000000df9d00000) (1024K)]
  0x000001185f0708f0 JavaThread "Finalizer"                  daemon [_thread_blocked, id=28656, stack(0x0000000df9d00000,0x0000000df9e00000) (1024K)]
  0x000001185f0b3ad0 JavaThread "Signal Dispatcher"          daemon [_thread_blocked, id=13376, stack(0x0000000df9e00000,0x0000000df9f00000) (1024K)]
  0x000001185f0b4530 JavaThread "Attach Listener"            daemon [_thread_blocked, id=28908, stack(0x0000000df9f00000,0x0000000dfa000000) (1024K)]
  0x000001185f0b4f90 JavaThread "Service Thread"             daemon [_thread_blocked, id=12224, stack(0x0000000dfa000000,0x0000000dfa100000) (1024K)]
  0x000001185f0b59f0 JavaThread "Monitor Deflation Thread"   daemon [_thread_blocked, id=20860, stack(0x0000000dfa100000,0x0000000dfa200000) (1024K)]
=>0x000001185f0b9470 JavaThread "C2 CompilerThread0"         daemon [_thread_in_native, id=23688, stack(0x0000000dfa200000,0x0000000dfa300000) (1024K)]
  0x000001185f0b9f10 JavaThread "C1 CompilerThread0"         daemon [_thread_in_vm, id=28468, stack(0x0000000dfa300000,0x0000000dfa400000) (1024K)]
  0x000001185f250d40 JavaThread "Notification Thread"        daemon [_thread_blocked, id=29748, stack(0x0000000dfa400000,0x0000000dfa500000) (1024K)]
  0x000001185f761910 JavaThread "HttpClient-1-SelectorManager" daemon [_thread_in_native, id=23620, stack(0x0000000dfa500000,0x0000000dfa600000) (1024K)]
  0x000001185f7c2dd0 JavaThread "HttpClient-1-Worker-0"      daemon [_thread_in_vm, id=29392, stack(0x0000000dfa700000,0x0000000dfa800000) (1024K)]
  0x000001185f8cd2e0 JavaThread "HttpClient-1-Worker-1"      daemon [_thread_blocked, id=29884, stack(0x0000000dfa800000,0x0000000dfa900000) (1024K)]
  0x000001185f812670 JavaThread "C2 CompilerThread1"         daemon [_thread_blocked, id=16824, stack(0x0000000dfa900000,0x0000000dfaa00000) (1024K)]
  0x000001185f812d20 JavaThread "C2 CompilerThread2"         daemon [_thread_in_native, id=25944, stack(0x0000000dfaa00000,0x0000000dfab00000) (1024K)]
Total: 16

Other Threads:
  0x000001185f02c800 VMThread "VM Thread"                           [id=9732, stack(0x0000000df9a00000,0x0000000df9b00000) (1024K)]
  0x000001185ad4c870 WatcherThread "VM Periodic Task Thread"        [id=14792, stack(0x0000000df9900000,0x0000000df9a00000) (1024K)]
  0x000001183ebf1f30 WorkerThread "GC Thread#0"                     [id=9908, stack(0x0000000df9400000,0x0000000df9500000) (1024K)]
  0x000001183ec03900 ConcurrentGCThread "G1 Main Marker"            [id=5380, stack(0x0000000df9500000,0x0000000df9600000) (1024K)]
  0x000001183ec04410 WorkerThread "G1 Conc#0"                       [id=28476, stack(0x0000000df9600000,0x0000000df9700000) (1024K)]
  0x000001185ac1f9d0 ConcurrentGCThread "G1 Refine#0"               [id=25588, stack(0x0000000df9700000,0x0000000df9800000) (1024K)]
  0x000001185ac20200 ConcurrentGCThread "G1 Service"                [id=22256, stack(0x0000000df9800000,0x0000000df9900000) (1024K)]
Total: 7

Threads with active compile tasks:
C2 CompilerThread0  541 1071       4       sun.security.ec.ECOperations::setDouble (463 bytes)
C1 CompilerThread0  541 1136       3       java.lang.invoke.MemberName::hashCode (43 bytes)
C2 CompilerThread2  541 1120       4       java.util.HashMap::putVal (300 bytes)
Total: 3

VM state: not at safepoint (normal execution)

VM Mutex/Monitor currently owned by a thread: None

Heap address: 0x0000000706200000, size: 3998 MB, Compressed Oops mode: Zero based, Oop shift amount: 3

CDS archive(s) not mapped
Compressed class space mapped at: 0x0000000800000000-0x0000000840000000, reserved size: 1073741824
Narrow klass base: 0x0000000800000000, Narrow klass shift: 0, Narrow klass range: 0x40000000

GC Precious Log:
 CardTable entry size: 512
 Card Set container configuration: InlinePtr #cards 4 size 8 Array Of Cards #cards 16 size 48 Howl #buckets 8 coarsen threshold 3686 Howl Bitmap #cards 512 size 80 coarsen threshold 460 Card regions per heap region 1 cards per card region 4096
 CPUs: 12 total, 12 available
 Memory: 15990M
 Large Page Support: Disabled
 NUMA Support: Disabled
 Compressed Oops: Enabled (Zero based)
 Heap Region Size: 2M
 Heap Min Capacity: 8M
 Heap Initial Capacity: 250M
 Heap Max Capacity: 3998M
 Pre-touch: Disabled
 Parallel Workers: 10
 Concurrent Workers: 3
 Concurrent Refinement Workers: 10
 Periodic GC: Disabled

Heap:
 garbage-first heap   total 256000K, used 14336K [0x0000000706200000, 0x0000000800000000)
  region size 2048K, 8 young (16384K), 0 survivors (0K)
 Metaspace       used 16896K, committed 17152K, reserved 1114112K
  class space    used 1849K, committed 1984K, reserved 1048576K

Heap Regions: E=young(eden), S=young(survivor), O=old, HS=humongous(starts), HC=humongous(continues), CS=collection set, F=free, TAMS=top-at-mark-start, PB=parsable bottom
|   0|0x0000000706200000, 0x0000000706200000, 0x0000000706400000|  0%| F|  |TAMS 0x0000000706200000| PB 0x0000000706200000| Untracked 
|   1|0x0000000706400000, 0x0000000706400000, 0x0000000706600000|  0%| F|  |TAMS 0x0000000706400000| PB 0x0000000706400000| Untracked 
|   2|0x0000000706600000, 0x0000000706600000, 0x0000000706800000|  0%| F|  |TAMS 0x0000000706600000| PB 0x0000000706600000| Untracked 
|   3|0x0000000706800000, 0x0000000706800000, 0x0000000706a00000|  0%| F|  |TAMS 0x0000000706800000| PB 0x0000000706800000| Untracked 
|   4|0x0000000706a00000, 0x0000000706a00000, 0x0000000706c00000|  0%| F|  |TAMS 0x0000000706a00000| PB 0x0000000706a00000| Untracked 
|   5|0x0000000706c00000, 0x0000000706c00000, 0x0000000706e00000|  0%| F|  |TAMS 0x0000000706c00000| PB 0x0000000706c00000| Untracked 
|   6|0x0000000706e00000, 0x0000000706e00000, 0x0000000707000000|  0%| F|  |TAMS 0x0000000706e00000| PB 0x0000000706e00000| Untracked 
|   7|0x0000000707000000, 0x0000000707000000, 0x0000000707200000|  0%| F|  |TAMS 0x0000000707000000| PB 0x0000000707000000| Untracked 
|   8|0x0000000707200000, 0x0000000707200000, 0x0000000707400000|  0%| F|  |TAMS 0x0000000707200000| PB 0x0000000707200000| Untracked 
|   9|0x0000000707400000, 0x0000000707400000, 0x0000000707600000|  0%| F|  |TAMS 0x0000000707400000| PB 0x0000000707400000| Untracked 
|  10|0x0000000707600000, 0x0000000707600000, 0x0000000707800000|  0%| F|  |TAMS 0x0000000707600000| PB 0x0000000707600000| Untracked 
|  11|0x0000000707800000, 0x0000000707800000, 0x0000000707a00000|  0%| F|  |TAMS 0x0000000707800000| PB 0x0000000707800000| Untracked 
|  12|0x0000000707a00000, 0x0000000707a00000, 0x0000000707c00000|  0%| F|  |TAMS 0x0000000707a00000| PB 0x0000000707a00000| Untracked 
|  13|0x0000000707c00000, 0x0000000707c00000, 0x0000000707e00000|  0%| F|  |TAMS 0x0000000707c00000| PB 0x0000000707c00000| Untracked 
|  14|0x0000000707e00000, 0x0000000707e00000, 0x0000000708000000|  0%| F|  |TAMS 0x0000000707e00000| PB 0x0000000707e00000| Untracked 
|  15|0x0000000708000000, 0x0000000708000000, 0x0000000708200000|  0%| F|  |TAMS 0x0000000708000000| PB 0x0000000708000000| Untracked 
|  16|0x0000000708200000, 0x0000000708200000, 0x0000000708400000|  0%| F|  |TAMS 0x0000000708200000| PB 0x0000000708200000| Untracked 
|  17|0x0000000708400000, 0x0000000708400000, 0x0000000708600000|  0%| F|  |TAMS 0x0000000708400000| PB 0x0000000708400000| Untracked 
|  18|0x0000000708600000, 0x0000000708600000, 0x0000000708800000|  0%| F|  |TAMS 0x0000000708600000| PB 0x0000000708600000| Untracked 
|  19|0x0000000708800000, 0x0000000708800000, 0x0000000708a00000|  0%| F|  |TAMS 0x0000000708800000| PB 0x0000000708800000| Untracked 
|  20|0x0000000708a00000, 0x0000000708a00000, 0x0000000708c00000|  0%| F|  |TAMS 0x0000000708a00000| PB 0x0000000708a00000| Untracked 
|  21|0x0000000708c00000, 0x0000000708c00000, 0x0000000708e00000|  0%| F|  |TAMS 0x0000000708c00000| PB 0x0000000708c00000| Untracked 
|  22|0x0000000708e00000, 0x0000000708e00000, 0x0000000709000000|  0%| F|  |TAMS 0x0000000708e00000| PB 0x0000000708e00000| Untracked 
|  23|0x0000000709000000, 0x0000000709000000, 0x0000000709200000|  0%| F|  |TAMS 0x0000000709000000| PB 0x0000000709000000| Untracked 
|  24|0x0000000709200000, 0x0000000709200000, 0x0000000709400000|  0%| F|  |TAMS 0x0000000709200000| PB 0x0000000709200000| Untracked 
|  25|0x0000000709400000, 0x0000000709400000, 0x0000000709600000|  0%| F|  |TAMS 0x0000000709400000| PB 0x0000000709400000| Untracked 
|  26|0x0000000709600000, 0x0000000709600000, 0x0000000709800000|  0%| F|  |TAMS 0x0000000709600000| PB 0x0000000709600000| Untracked 
|  27|0x0000000709800000, 0x0000000709800000, 0x0000000709a00000|  0%| F|  |TAMS 0x0000000709800000| PB 0x0000000709800000| Untracked 
|  28|0x0000000709a00000, 0x0000000709a00000, 0x0000000709c00000|  0%| F|  |TAMS 0x0000000709a00000| PB 0x0000000709a00000| Untracked 
|  29|0x0000000709c00000, 0x0000000709c00000, 0x0000000709e00000|  0%| F|  |TAMS 0x0000000709c00000| PB 0x0000000709c00000| Untracked 
|  30|0x0000000709e00000, 0x0000000709e00000, 0x000000070a000000|  0%| F|  |TAMS 0x0000000709e00000| PB 0x0000000709e00000| Untracked 
|  31|0x000000070a000000, 0x000000070a000000, 0x000000070a200000|  0%| F|  |TAMS 0x000000070a000000| PB 0x000000070a000000| Untracked 
|  32|0x000000070a200000, 0x000000070a200000, 0x000000070a400000|  0%| F|  |TAMS 0x000000070a200000| PB 0x000000070a200000| Untracked 
|  33|0x000000070a400000, 0x000000070a400000, 0x000000070a600000|  0%| F|  |TAMS 0x000000070a400000| PB 0x000000070a400000| Untracked 
|  34|0x000000070a600000, 0x000000070a600000, 0x000000070a800000|  0%| F|  |TAMS 0x000000070a600000| PB 0x000000070a600000| Untracked 
|  35|0x000000070a800000, 0x000000070a800000, 0x000000070aa00000|  0%| F|  |TAMS 0x000000070a800000| PB 0x000000070a800000| Untracked 
|  36|0x000000070aa00000, 0x000000070aa00000, 0x000000070ac00000|  0%| F|  |TAMS 0x000000070aa00000| PB 0x000000070aa00000| Untracked 
|  37|0x000000070ac00000, 0x000000070ac00000, 0x000000070ae00000|  0%| F|  |TAMS 0x000000070ac00000| PB 0x000000070ac00000| Untracked 
|  38|0x000000070ae00000, 0x000000070ae00000, 0x000000070b000000|  0%| F|  |TAMS 0x000000070ae00000| PB 0x000000070ae00000| Untracked 
|  39|0x000000070b000000, 0x000000070b000000, 0x000000070b200000|  0%| F|  |TAMS 0x000000070b000000| PB 0x000000070b000000| Untracked 
|  40|0x000000070b200000, 0x000000070b200000, 0x000000070b400000|  0%| F|  |TAMS 0x000000070b200000| PB 0x000000070b200000| Untracked 
|  41|0x000000070b400000, 0x000000070b400000, 0x000000070b600000|  0%| F|  |TAMS 0x000000070b400000| PB 0x000000070b400000| Untracked 
|  42|0x000000070b600000, 0x000000070b600000, 0x000000070b800000|  0%| F|  |TAMS 0x000000070b600000| PB 0x000000070b600000| Untracked 
|  43|0x000000070b800000, 0x000000070b800000, 0x000000070ba00000|  0%| F|  |TAMS 0x000000070b800000| PB 0x000000070b800000| Untracked 
|  44|0x000000070ba00000, 0x000000070ba00000, 0x000000070bc00000|  0%| F|  |TAMS 0x000000070ba00000| PB 0x000000070ba00000| Untracked 
|  45|0x000000070bc00000, 0x000000070bc00000, 0x000000070be00000|  0%| F|  |TAMS 0x000000070bc00000| PB 0x000000070bc00000| Untracked 
|  46|0x000000070be00000, 0x000000070be00000, 0x000000070c000000|  0%| F|  |TAMS 0x000000070be00000| PB 0x000000070be00000| Untracked 
|  47|0x000000070c000000, 0x000000070c000000, 0x000000070c200000|  0%| F|  |TAMS 0x000000070c000000| PB 0x000000070c000000| Untracked 
|  48|0x000000070c200000, 0x000000070c200000, 0x000000070c400000|  0%| F|  |TAMS 0x000000070c200000| PB 0x000000070c200000| Untracked 
|  49|0x000000070c400000, 0x000000070c400000, 0x000000070c600000|  0%| F|  |TAMS 0x000000070c400000| PB 0x000000070c400000| Untracked 
|  50|0x000000070c600000, 0x000000070c600000, 0x000000070c800000|  0%| F|  |TAMS 0x000000070c600000| PB 0x000000070c600000| Untracked 
|  51|0x000000070c800000, 0x000000070c800000, 0x000000070ca00000|  0%| F|  |TAMS 0x000000070c800000| PB 0x000000070c800000| Untracked 
|  52|0x000000070ca00000, 0x000000070ca00000, 0x000000070cc00000|  0%| F|  |TAMS 0x000000070ca00000| PB 0x000000070ca00000| Untracked 
|  53|0x000000070cc00000, 0x000000070cc00000, 0x000000070ce00000|  0%| F|  |TAMS 0x000000070cc00000| PB 0x000000070cc00000| Untracked 
|  54|0x000000070ce00000, 0x000000070ce00000, 0x000000070d000000|  0%| F|  |TAMS 0x000000070ce00000| PB 0x000000070ce00000| Untracked 
|  55|0x000000070d000000, 0x000000070d000000, 0x000000070d200000|  0%| F|  |TAMS 0x000000070d000000| PB 0x000000070d000000| Untracked 
|  56|0x000000070d200000, 0x000000070d200000, 0x000000070d400000|  0%| F|  |TAMS 0x000000070d200000| PB 0x000000070d200000| Untracked 
|  57|0x000000070d400000, 0x000000070d400000, 0x000000070d600000|  0%| F|  |TAMS 0x000000070d400000| PB 0x000000070d400000| Untracked 
|  58|0x000000070d600000, 0x000000070d600000, 0x000000070d800000|  0%| F|  |TAMS 0x000000070d600000| PB 0x000000070d600000| Untracked 
|  59|0x000000070d800000, 0x000000070d800000, 0x000000070da00000|  0%| F|  |TAMS 0x000000070d800000| PB 0x000000070d800000| Untracked 
|  60|0x000000070da00000, 0x000000070da00000, 0x000000070dc00000|  0%| F|  |TAMS 0x000000070da00000| PB 0x000000070da00000| Untracked 
|  61|0x000000070dc00000, 0x000000070dc00000, 0x000000070de00000|  0%| F|  |TAMS 0x000000070dc00000| PB 0x000000070dc00000| Untracked 
|  62|0x000000070de00000, 0x000000070de00000, 0x000000070e000000|  0%| F|  |TAMS 0x000000070de00000| PB 0x000000070de00000| Untracked 
|  63|0x000000070e000000, 0x000000070e000000, 0x000000070e200000|  0%| F|  |TAMS 0x000000070e000000| PB 0x000000070e000000| Untracked 
|  64|0x000000070e200000, 0x000000070e200000, 0x000000070e400000|  0%| F|  |TAMS 0x000000070e200000| PB 0x000000070e200000| Untracked 
|  65|0x000000070e400000, 0x000000070e400000, 0x000000070e600000|  0%| F|  |TAMS 0x000000070e400000| PB 0x000000070e400000| Untracked 
|  66|0x000000070e600000, 0x000000070e600000, 0x000000070e800000|  0%| F|  |TAMS 0x000000070e600000| PB 0x000000070e600000| Untracked 
|  67|0x000000070e800000, 0x000000070e800000, 0x000000070ea00000|  0%| F|  |TAMS 0x000000070e800000| PB 0x000000070e800000| Untracked 
|  68|0x000000070ea00000, 0x000000070ea00000, 0x000000070ec00000|  0%| F|  |TAMS 0x000000070ea00000| PB 0x000000070ea00000| Untracked 
|  69|0x000000070ec00000, 0x000000070ec00000, 0x000000070ee00000|  0%| F|  |TAMS 0x000000070ec00000| PB 0x000000070ec00000| Untracked 
|  70|0x000000070ee00000, 0x000000070ee00000, 0x000000070f000000|  0%| F|  |TAMS 0x000000070ee00000| PB 0x000000070ee00000| Untracked 
|  71|0x000000070f000000, 0x000000070f000000, 0x000000070f200000|  0%| F|  |TAMS 0x000000070f000000| PB 0x000000070f000000| Untracked 
|  72|0x000000070f200000, 0x000000070f200000, 0x000000070f400000|  0%| F|  |TAMS 0x000000070f200000| PB 0x000000070f200000| Untracked 
|  73|0x000000070f400000, 0x000000070f400000, 0x000000070f600000|  0%| F|  |TAMS 0x000000070f400000| PB 0x000000070f400000| Untracked 
|  74|0x000000070f600000, 0x000000070f600000, 0x000000070f800000|  0%| F|  |TAMS 0x000000070f600000| PB 0x000000070f600000| Untracked 
|  75|0x000000070f800000, 0x000000070f800000, 0x000000070fa00000|  0%| F|  |TAMS 0x000000070f800000| PB 0x000000070f800000| Untracked 
|  76|0x000000070fa00000, 0x000000070fa00000, 0x000000070fc00000|  0%| F|  |TAMS 0x000000070fa00000| PB 0x000000070fa00000| Untracked 
|  77|0x000000070fc00000, 0x000000070fc00000, 0x000000070fe00000|  0%| F|  |TAMS 0x000000070fc00000| PB 0x000000070fc00000| Untracked 
|  78|0x000000070fe00000, 0x000000070fe00000, 0x0000000710000000|  0%| F|  |TAMS 0x000000070fe00000| PB 0x000000070fe00000| Untracked 
|  79|0x0000000710000000, 0x0000000710000000, 0x0000000710200000|  0%| F|  |TAMS 0x0000000710000000| PB 0x0000000710000000| Untracked 
|  80|0x0000000710200000, 0x0000000710200000, 0x0000000710400000|  0%| F|  |TAMS 0x0000000710200000| PB 0x0000000710200000| Untracked 
|  81|0x0000000710400000, 0x0000000710400000, 0x0000000710600000|  0%| F|  |TAMS 0x0000000710400000| PB 0x0000000710400000| Untracked 
|  82|0x0000000710600000, 0x0000000710600000, 0x0000000710800000|  0%| F|  |TAMS 0x0000000710600000| PB 0x0000000710600000| Untracked 
|  83|0x0000000710800000, 0x0000000710800000, 0x0000000710a00000|  0%| F|  |TAMS 0x0000000710800000| PB 0x0000000710800000| Untracked 
|  84|0x0000000710a00000, 0x0000000710a00000, 0x0000000710c00000|  0%| F|  |TAMS 0x0000000710a00000| PB 0x0000000710a00000| Untracked 
|  85|0x0000000710c00000, 0x0000000710c00000, 0x0000000710e00000|  0%| F|  |TAMS 0x0000000710c00000| PB 0x0000000710c00000| Untracked 
|  86|0x0000000710e00000, 0x0000000710e00000, 0x0000000711000000|  0%| F|  |TAMS 0x0000000710e00000| PB 0x0000000710e00000| Untracked 
|  87|0x0000000711000000, 0x0000000711000000, 0x0000000711200000|  0%| F|  |TAMS 0x0000000711000000| PB 0x0000000711000000| Untracked 
|  88|0x0000000711200000, 0x0000000711200000, 0x0000000711400000|  0%| F|  |TAMS 0x0000000711200000| PB 0x0000000711200000| Untracked 
|  89|0x0000000711400000, 0x0000000711400000, 0x0000000711600000|  0%| F|  |TAMS 0x0000000711400000| PB 0x0000000711400000| Untracked 
|  90|0x0000000711600000, 0x0000000711600000, 0x0000000711800000|  0%| F|  |TAMS 0x0000000711600000| PB 0x0000000711600000| Untracked 
|  91|0x0000000711800000, 0x0000000711800000, 0x0000000711a00000|  0%| F|  |TAMS 0x0000000711800000| PB 0x0000000711800000| Untracked 
|  92|0x0000000711a00000, 0x0000000711a00000, 0x0000000711c00000|  0%| F|  |TAMS 0x0000000711a00000| PB 0x0000000711a00000| Untracked 
|  93|0x0000000711c00000, 0x0000000711c00000, 0x0000000711e00000|  0%| F|  |TAMS 0x0000000711c00000| PB 0x0000000711c00000| Untracked 
|  94|0x0000000711e00000, 0x0000000711e00000, 0x0000000712000000|  0%| F|  |TAMS 0x0000000711e00000| PB 0x0000000711e00000| Untracked 
|  95|0x0000000712000000, 0x0000000712000000, 0x0000000712200000|  0%| F|  |TAMS 0x0000000712000000| PB 0x0000000712000000| Untracked 
|  96|0x0000000712200000, 0x0000000712200000, 0x0000000712400000|  0%| F|  |TAMS 0x0000000712200000| PB 0x0000000712200000| Untracked 
|  97|0x0000000712400000, 0x0000000712400000, 0x0000000712600000|  0%| F|  |TAMS 0x0000000712400000| PB 0x0000000712400000| Untracked 
|  98|0x0000000712600000, 0x0000000712600000, 0x0000000712800000|  0%| F|  |TAMS 0x0000000712600000| PB 0x0000000712600000| Untracked 
|  99|0x0000000712800000, 0x0000000712800000, 0x0000000712a00000|  0%| F|  |TAMS 0x0000000712800000| PB 0x0000000712800000| Untracked 
| 100|0x0000000712a00000, 0x0000000712a00000, 0x0000000712c00000|  0%| F|  |TAMS 0x0000000712a00000| PB 0x0000000712a00000| Untracked 
| 101|0x0000000712c00000, 0x0000000712c00000, 0x0000000712e00000|  0%| F|  |TAMS 0x0000000712c00000| PB 0x0000000712c00000| Untracked 
| 102|0x0000000712e00000, 0x0000000712e00000, 0x0000000713000000|  0%| F|  |TAMS 0x0000000712e00000| PB 0x0000000712e00000| Untracked 
| 103|0x0000000713000000, 0x0000000713000000, 0x0000000713200000|  0%| F|  |TAMS 0x0000000713000000| PB 0x0000000713000000| Untracked 
| 104|0x0000000713200000, 0x0000000713200000, 0x0000000713400000|  0%| F|  |TAMS 0x0000000713200000| PB 0x0000000713200000| Untracked 
| 105|0x0000000713400000, 0x0000000713400000, 0x0000000713600000|  0%| F|  |TAMS 0x0000000713400000| PB 0x0000000713400000| Untracked 
| 106|0x0000000713600000, 0x0000000713600000, 0x0000000713800000|  0%| F|  |TAMS 0x0000000713600000| PB 0x0000000713600000| Untracked 
| 107|0x0000000713800000, 0x0000000713800000, 0x0000000713a00000|  0%| F|  |TAMS 0x0000000713800000| PB 0x0000000713800000| Untracked 
| 108|0x0000000713a00000, 0x0000000713a00000, 0x0000000713c00000|  0%| F|  |TAMS 0x0000000713a00000| PB 0x0000000713a00000| Untracked 
| 109|0x0000000713c00000, 0x0000000713c00000, 0x0000000713e00000|  0%| F|  |TAMS 0x0000000713c00000| PB 0x0000000713c00000| Untracked 
| 110|0x0000000713e00000, 0x0000000713e00000, 0x0000000714000000|  0%| F|  |TAMS 0x0000000713e00000| PB 0x0000000713e00000| Untracked 
| 111|0x0000000714000000, 0x0000000714000000, 0x0000000714200000|  0%| F|  |TAMS 0x0000000714000000| PB 0x0000000714000000| Untracked 
| 112|0x0000000714200000, 0x0000000714200000, 0x0000000714400000|  0%| F|  |TAMS 0x0000000714200000| PB 0x0000000714200000| Untracked 
| 113|0x0000000714400000, 0x0000000714400000, 0x0000000714600000|  0%| F|  |TAMS 0x0000000714400000| PB 0x0000000714400000| Untracked 
| 114|0x0000000714600000, 0x0000000714600000, 0x0000000714800000|  0%| F|  |TAMS 0x0000000714600000| PB 0x0000000714600000| Untracked 
| 115|0x0000000714800000, 0x0000000714800000, 0x0000000714a00000|  0%| F|  |TAMS 0x0000000714800000| PB 0x0000000714800000| Untracked 
| 116|0x0000000714a00000, 0x0000000714a00000, 0x0000000714c00000|  0%| F|  |TAMS 0x0000000714a00000| PB 0x0000000714a00000| Untracked 
| 117|0x0000000714c00000, 0x0000000714ce1c80, 0x0000000714e00000| 44%| E|  |TAMS 0x0000000714c00000| PB 0x0000000714c00000| Complete 
| 118|0x0000000714e00000, 0x0000000715000000, 0x0000000715000000|100%| E|CS|TAMS 0x0000000714e00000| PB 0x0000000714e00000| Complete 
| 119|0x0000000715000000, 0x0000000715200000, 0x0000000715200000|100%| E|CS|TAMS 0x0000000715000000| PB 0x0000000715000000| Complete 
| 120|0x0000000715200000, 0x0000000715400000, 0x0000000715400000|100%| E|CS|TAMS 0x0000000715200000| PB 0x0000000715200000| Complete 
| 121|0x0000000715400000, 0x0000000715600000, 0x0000000715600000|100%| E|CS|TAMS 0x0000000715400000| PB 0x0000000715400000| Complete 
| 122|0x0000000715600000, 0x0000000715800000, 0x0000000715800000|100%| E|CS|TAMS 0x0000000715600000| PB 0x0000000715600000| Complete 
| 123|0x0000000715800000, 0x0000000715a00000, 0x0000000715a00000|100%| E|CS|TAMS 0x0000000715800000| PB 0x0000000715800000| Complete 
| 124|0x0000000715a00000, 0x0000000715c00000, 0x0000000715c00000|100%| E|CS|TAMS 0x0000000715a00000| PB 0x0000000715a00000| Complete 

Card table byte_map: [0x0000011853a30000,0x0000011854200000] _byte_map_base: 0x00000118501ff000

Marking Bits: (CMBitMap*) 0x000001183ebf3650
 Bits: [0x0000011854200000, 0x0000011858078000)

Polling page: 0x00000118435b0000

Metaspace:

Usage:
  Non-class:     14.74 MB used.
      Class:      1.81 MB used.
       Both:     16.55 MB used.

Virtual space:
  Non-class space:       64.00 MB reserved,      14.88 MB ( 23%) committed,  1 nodes.
      Class space:        1.00 GB reserved,       1.94 MB ( <1%) committed,  1 nodes.
             Both:        1.06 GB reserved,      16.81 MB (  2%) committed. 

Chunk freelists:
   Non-Class:  880.00 KB
       Class:  14.08 MB
        Both:  14.94 MB

MaxMetaspaceSize: unlimited
CompressedClassSpaceSize: 1.00 GB
Initial GC threshold: 21.00 MB
Current GC threshold: 21.00 MB
CDS: off
 - commit_granule_bytes: 65536.
 - commit_granule_words: 8192.
 - virtual_space_node_default_size: 8388608.
 - enlarge_chunks_in_place: 1.
 - use_allocation_guard: 0.


Internal statistics:

num_allocs_failed_limit: 0.
num_arena_births: 180.
num_arena_deaths: 0.
num_vsnodes_births: 2.
num_vsnodes_deaths: 0.
num_space_committed: 269.
num_space_uncommitted: 0.
num_chunks_returned_to_freelist: 0.
num_chunks_taken_from_freelist: 368.
num_chunk_merges: 0.
num_chunk_splits: 191.
num_chunks_enlarged: 75.
num_inconsistent_stats: 0.

CodeHeap 'non-profiled nmethods': size=120000Kb used=389Kb max_used=389Kb free=119610Kb
 bounds [0x000001184b0a0000, 0x000001184b310000, 0x00000118525d0000]
CodeHeap 'profiled nmethods': size=120000Kb used=1812Kb max_used=1812Kb free=118188Kb
 bounds [0x00000118435d0000, 0x0000011843840000, 0x000001184ab00000]
CodeHeap 'non-nmethods': size=5760Kb used=1336Kb max_used=1366Kb free=4423Kb
 bounds [0x000001184ab00000, 0x000001184ad70000, 0x000001184b0a0000]
CodeCache: size=245760Kb, used=3537Kb, max_used=3567Kb, free=242221Kb
 total_blobs=1653, nmethods=1138, adapters=420, full_count=0
Compilation: enabled, stopped_count=0, restarted_count=0

Compilation events (20 events):
Event: 0.487 Thread 0x000001185f0b9f10 nmethod 1108 0x000001184377f110 code [0x000001184377f2c0, 0x000001184377f720]
Event: 0.487 Thread 0x000001185f0b9f10 1104       3       sun.security.util.math.intpoly.IntegerPolynomial25519::reduce (40 bytes)
Event: 0.487 Thread 0x000001185f0b9f10 nmethod 1104 0x000001184377f910 code [0x000001184377fae0, 0x000001184377fde0]
Event: 0.490 Thread 0x000001185f0b9f10 1109       3       jdk.internal.misc.Unsafe::putIntUnaligned (79 bytes)
Event: 0.491 Thread 0x000001185f0b9f10 nmethod 1109 0x000001184377ff90 code [0x0000011843780160, 0x00000118437804f0]
Event: 0.492 Thread 0x000001185f0b9f10 1110       3       jdk.internal.misc.Unsafe::putIntUnaligned (14 bytes)
Event: 0.492 Thread 0x000001185f0b9f10 nmethod 1110 0x0000011843780610 code [0x00000118437807c0, 0x0000011843780a00]
Event: 0.494 Thread 0x000001185f812670 nmethod 1105% 0x000001184b0fca10 code [0x000001184b0fcbe0, 0x000001184b0fd080]
Event: 0.494 Thread 0x000001185f812670 1106       4       sun.security.util.math.intpoly.IntegerPolynomial$MutableElement::setProduct (58 bytes)
Event: 0.496 Thread 0x000001185f0b9f10 1112       3       sun.security.provider.ByteArrayAccess::b2iBig64 (231 bytes)
Event: 0.502 Thread 0x000001185f0b9f10 nmethod 1112 0x0000011843780b10 code [0x0000011843781360, 0x0000011843785ef0]
Event: 0.502 Thread 0x000001185f0b9f10 1113       3       sun.security.provider.SHA2::implCompress0 (448 bytes)
Event: 0.503 Thread 0x000001185f0b9f10 nmethod 1113 0x0000011843787390 code [0x00000118437875e0, 0x00000118437881f0]
Event: 0.504 Thread 0x000001185f812670 nmethod 1106 0x000001184b0fd890 code [0x000001184b0fda80, 0x000001184b0fdfd8]
Event: 0.504 Thread 0x000001185f0b9f10 1116       3       java.util.Collections$UnmodifiableCollection$1::next (10 bytes)
Event: 0.504 Thread 0x000001185f812670 1111       4       java.lang.invoke.VarHandleGuards::guard_LI_I (78 bytes)
Event: 0.504 Thread 0x000001185f0b9f10 nmethod 1116 0x0000011843788910 code [0x0000011843788ac0, 0x0000011843788ca0]
Event: 0.504 Thread 0x000001185f0b9f10 1117       3       java.lang.Byte::hashCode (8 bytes)
Event: 0.505 Thread 0x000001185f0b9f10 nmethod 1117 0x0000011843788d90 code [0x0000011843788f40, 0x00000118437890a8]
Event: 0.505 Thread 0x000001185f812d20 nmethod 1100 0x000001184b0fe310 code [0x000001184b0fe580, 0x000001184b0ff748]

GC Heap History (0 events):
No events

Dll operation events (2 events):
Event: 0.007 Loaded shared library C:\Users\Lavi\AppData\Local\Programs\Android Studio\jbr\bin\java.dll
Event: 0.011 Loaded shared library C:\Users\Lavi\AppData\Local\Programs\Android Studio\jbr\bin\zip.dll

Deoptimization events (20 events):
Event: 0.486 Thread 0x000001185f7c2dd0 Uncommon trap: trap_request=0xffffff66 fr.pc=0x000001184b0f74f4 relative=0x0000000000000314
Event: 0.486 Thread 0x000001185f7c2dd0 Uncommon trap: reason=speculate_class_check action=maybe_recompile pc=0x000001184b0f74f4 method=sun.security.util.math.intpoly.IntegerPolynomial.multByInt([JJ)V @ 26 c2
Event: 0.486 Thread 0x000001185f7c2dd0 DEOPT PACKING pc=0x000001184b0f74f4 sp=0x0000000dfa7fe7b0
Event: 0.487 Thread 0x000001185f7c2dd0 DEOPT UNPACKING pc=0x000001184ab54422 sp=0x0000000dfa7fe6f0 mode 2
Event: 0.487 Thread 0x000001185f7c2dd0 Uncommon trap: trap_request=0xffffffde fr.pc=0x000001184b0f279c relative=0x000000000000025c
Event: 0.487 Thread 0x000001185f7c2dd0 Uncommon trap: reason=class_check action=maybe_recompile pc=0x000001184b0f279c method=sun.security.util.math.intpoly.IntegerPolynomial.multByInt([JJ)V @ 26 c2
Event: 0.487 Thread 0x000001185f7c2dd0 DEOPT PACKING pc=0x000001184b0f279c sp=0x0000000dfa7fe720
Event: 0.487 Thread 0x000001185f7c2dd0 DEOPT UNPACKING pc=0x000001184ab54422 sp=0x0000000dfa7fe6f0 mode 2
Event: 0.487 Thread 0x000001185f7c2dd0 Uncommon trap: trap_request=0xffffffde fr.pc=0x000001184b0f279c relative=0x000000000000025c
Event: 0.487 Thread 0x000001185f7c2dd0 Uncommon trap: reason=class_check action=maybe_recompile pc=0x000001184b0f279c method=sun.security.util.math.intpoly.IntegerPolynomial.multByInt([JJ)V @ 26 c2
Event: 0.487 Thread 0x000001185f7c2dd0 DEOPT PACKING pc=0x000001184b0f279c sp=0x0000000dfa7fe720
Event: 0.487 Thread 0x000001185f7c2dd0 DEOPT UNPACKING pc=0x000001184ab54422 sp=0x0000000dfa7fe6f0 mode 2
Event: 0.487 Thread 0x000001185f7c2dd0 Uncommon trap: trap_request=0xffffffde fr.pc=0x000001184b0f279c relative=0x000000000000025c
Event: 0.487 Thread 0x000001185f7c2dd0 Uncommon trap: reason=class_check action=maybe_recompile pc=0x000001184b0f279c method=sun.security.util.math.intpoly.IntegerPolynomial.multByInt([JJ)V @ 26 c2
Event: 0.487 Thread 0x000001185f7c2dd0 DEOPT PACKING pc=0x000001184b0f279c sp=0x0000000dfa7fe720
Event: 0.487 Thread 0x000001185f7c2dd0 DEOPT UNPACKING pc=0x000001184ab54422 sp=0x0000000dfa7fe6f0 mode 2
Event: 0.487 Thread 0x000001185f7c2dd0 Uncommon trap: trap_request=0xffffffde fr.pc=0x000001184b0f279c relative=0x000000000000025c
Event: 0.487 Thread 0x000001185f7c2dd0 Uncommon trap: reason=class_check action=maybe_recompile pc=0x000001184b0f279c method=sun.security.util.math.intpoly.IntegerPolynomial.multByInt([JJ)V @ 26 c2
Event: 0.487 Thread 0x000001185f7c2dd0 DEOPT PACKING pc=0x000001184b0f279c sp=0x0000000dfa7fe720
Event: 0.487 Thread 0x000001185f7c2dd0 DEOPT UNPACKING pc=0x000001184ab54422 sp=0x0000000dfa7fe6f0 mode 2

Classes loaded (20 events):
Event: 0.504 Loading class sun/security/ssl/EncryptedExtensions$EncryptedExtensionsMessage done
Event: 0.504 Loading class sun/security/ssl/CertificateMessage$T13CertificateMessage
Event: 0.505 Loading class sun/security/ssl/CertificateMessage$T13CertificateMessage done
Event: 0.505 Loading class sun/security/ssl/CertificateMessage$CertificateEntry
Event: 0.505 Loading class sun/security/ssl/CertificateMessage$CertificateEntry done
Event: 0.505 Loading class java/security/cert/X509Certificate
Event: 0.505 Loading class java/security/cert/X509Extension
Event: 0.505 Loading class java/security/cert/X509Extension done
Event: 0.505 Loading class java/security/cert/X509Certificate done
Event: 0.505 Loading class java/security/cert/CertificateFactory
Event: 0.505 Loading class java/security/cert/CertificateFactory done
Event: 0.505 Loading class java/security/cert/CertificateFactorySpi
Event: 0.505 Loading class java/security/cert/CertificateFactorySpi done
Event: 0.506 Loading class sun/security/provider/X509Factory
Event: 0.506 Loading class sun/security/provider/X509Factory done
Event: 0.506 Loading class sun/security/util/Cache$EqualByteArray
Event: 0.507 Loading class sun/security/util/Cache$EqualByteArray done
Event: 0.507 Loading class sun/security/x509/X509CertImpl
Event: 0.508 Loading class sun/security/x509/X509CertImpl done
Event: 0.508 Loading class sun/security/x509/X509CertInfo

Classes unloaded (0 events):
No events

Classes redefined (0 events):
No events

Internal exceptions (19 events):
Event: 0.189 Thread 0x000001183e885f10 Exception <a 'sun/nio/fs/WindowsException'{0x0000000715600968}> (0x0000000715600968) 
thrown [s\src\hotspot\share\prims\jni.cpp, line 537]
Event: 0.245 Thread 0x000001183e885f10 Exception <a 'java/lang/NoSuchMethodError'{0x0000000715746480}: 'java.lang.Object java.lang.invoke.DirectMethodHandle$Holder.invokeStaticInit(java.lang.Object, java.lang.Object, int, int, int, int)'> (0x0000000715746480) 
thrown [s\src\hotspot\share\interpreter\linkResolver.cpp, line 784]
Event: 0.257 Thread 0x000001183e885f10 Exception <a 'java/lang/NoSuchMethodError'{0x00000007157f0858}: 'java.lang.Object java.lang.invoke.DirectMethodHandle$Holder.invokeStaticInit(java.lang.Object, java.lang.Object, int)'> (0x00000007157f0858) 
thrown [s\src\hotspot\share\interpreter\linkResolver.cpp, line 784]
Event: 0.258 Thread 0x000001183e885f10 Exception <a 'java/lang/NoSuchMethodError'{0x00000007157f6760}: 'java.lang.Object java.lang.invoke.DirectMethodHandle$Holder.newInvokeSpecial(java.lang.Object, java.lang.Object, int)'> (0x00000007157f6760) 
thrown [s\src\hotspot\share\interpreter\linkResolver.cpp, line 784]
Event: 0.259 Thread 0x000001183e885f10 Exception <a 'java/lang/NoSuchMethodError'{0x000000071540bd20}: 'int java.lang.invoke.DirectMethodHandle$Holder.invokeSpecialIFC(java.lang.Object, java.lang.Object, java.lang.Object)'> (0x000000071540bd20) 
thrown [s\src\hotspot\share\interpreter\linkResolver.cpp, line 784]
Event: 0.271 Thread 0x000001183e885f10 Exception <a 'java/lang/NoSuchMethodError'{0x0000000715443340}: 'java.lang.Object java.lang.invoke.Invokers$Holder.invoke_MT(java.lang.Object, java.lang.Object, java.lang.Object, java.lang.Object, java.lang.Object, java.lang.Object, java.lang.Object, java.lang.Object, java.lang.Object, java.lang.Object)'> (0x0000000715443340) 
thrown [s\src\hotspot\share\interpreter\linkResolver.cpp, line 784]
Event: 0.278 Thread 0x000001183e885f10 Exception <a 'java/lang/NoSuchMethodError'{0x0000000715483f48}: 'int java.lang.invoke.DirectMethodHandle$Holder.invokeSpecial(java.lang.Object, java.lang.Object, java.lang.Object, java.lang.Object)'> (0x0000000715483f48) 
thrown [s\src\hotspot\share\interpreter\linkResolver.cpp, line 784]
Event: 0.280 Thread 0x000001183e885f10 Exception <a 'java/lang/NoSuchMethodError'{0x000000071549c4e0}: 'java.lang.Object java.lang.invoke.DelegatingMethodHandle$Holder.delegate(java.lang.Object, int, java.lang.Object, java.lang.Object)'> (0x000000071549c4e0) 
thrown [s\src\hotspot\share\interpreter\linkResolver.cpp, line 784]
Event: 0.281 Thread 0x000001183e885f10 Exception <a 'java/lang/NoSuchMethodError'{0x00000007154abc58}: 'int java.lang.invoke.Invokers$Holder.linkToTargetMethod(java.lang.Object, java.lang.Object, java.lang.Object)'> (0x00000007154abc58) 
thrown [s\src\hotspot\share\interpreter\linkResolver.cpp, line 784]
Event: 0.283 Thread 0x000001183e885f10 Exception <a 'java/lang/NoSuchMethodError'{0x00000007154dab30}: 'long java.lang.invoke.DirectMethodHandle$Holder.invokeSpecial(java.lang.Object, java.lang.Object)'> (0x00000007154dab30) 
thrown [s\src\hotspot\share\interpreter\linkResolver.cpp, line 784]
Event: 0.284 Thread 0x000001183e885f10 Exception <a 'java/lang/NoSuchMethodError'{0x00000007154e1aa0}: 'java.lang.Object java.lang.invoke.Invokers$Holder.invokeExact_MT(java.lang.Object, java.lang.Object, java.lang.Object, java.lang.Object, java.lang.Object, java.lang.Object)'> (0x00000007154e1aa0) 
thrown [s\src\hotspot\share\interpreter\linkResolver.cpp, line 784]
Event: 0.330 Thread 0x000001183e885f10 Exception <a 'java/lang/NoSuchMethodError'{0x0000000715262e80}: 'java.lang.Object java.lang.invoke.DirectMethodHandle$Holder.newInvokeSpecial(java.lang.Object, java.lang.Object, java.lang.Object, java.lang.Object, java.lang.Object)'> (0x0000000715262e80) 
thrown [s\src\hotspot\share\interpreter\linkResolver.cpp, line 784]
Event: 0.351 Thread 0x000001183e885f10 Exception <a 'java/lang/NoSuchMethodError'{0x0000000715033f00}: 'java.lang.Object java.lang.invoke.DirectMethodHandle$Holder.invokeSpecial(java.lang.Object, java.lang.Object, java.lang.Object, java.lang.Object, int)'> (0x0000000715033f00) 
thrown [s\src\hotspot\share\interpreter\linkResolver.cpp, line 784]
Event: 0.351 Thread 0x000001183e885f10 Exception <a 'java/lang/NoSuchMethodError'{0x0000000715037868}: 'java.lang.Object java.lang.invoke.Invokers$Holder.linkToTargetMethod(java.lang.Object, java.lang.Object, int, java.lang.Object)'> (0x0000000715037868) 
thrown [s\src\hotspot\share\interpreter\linkResolver.cpp, line 784]
Event: 0.356 Thread 0x000001183e885f10 Exception <a 'java/lang/NoSuchMethodError'{0x0000000715062a90}: 'void java.lang.invoke.DirectMethodHandle$Holder.invokeSpecial(java.lang.Object, java.lang.Object, java.lang.Object)'> (0x0000000715062a90) 
thrown [s\src\hotspot\share\interpreter\linkResolver.cpp, line 784]
Event: 0.369 Thread 0x000001185f761910 Exception <a 'java/lang/NoSuchMethodError'{0x00000007152945b8}: 'void java.lang.invoke.DirectMethodHandle$Holder.invokeStatic(java.lang.Object, java.lang.Object, int)'> (0x00000007152945b8) 
thrown [s\src\hotspot\share\interpreter\linkResolver.cpp, line 784]
Event: 0.370 Thread 0x000001183e885f10 Exception <a 'java/lang/NoSuchMethodError'{0x00000007150e83d8}: 'void java.lang.invoke.DirectMethodHandle$Holder.invokeSpecial(java.lang.Object, java.lang.Object, java.lang.Object, java.lang.Object, java.lang.Object)'> (0x00000007150e83d8) 
thrown [s\src\hotspot\share\interpreter\linkResolver.cpp, line 784]
Event: 0.379 Thread 0x000001185f7c2dd0 Exception <a 'java/lang/NoSuchMethodError'{0x000000071517c558}: 'void java.lang.invoke.DirectMethodHandle$Holder.invokeInterface(java.lang.Object, java.lang.Object, java.lang.Object)'> (0x000000071517c558) 
thrown [s\src\hotspot\share\interpreter\linkResolver.cpp, line 784]
Event: 0.480 Thread 0x000001185f7c2dd0 Exception <a 'java/lang/NoSuchMethodError'{0x0000000714fcbe90}: 'void java.lang.invoke.DirectMethodHandle$Holder.invokeInterface(java.lang.Object, java.lang.Object)'> (0x0000000714fcbe90) 
thrown [s\src\hotspot\share\interpreter\linkResolver.cpp, line 784]

ZGC Phase Switch (0 events):
No events

VM Operations (8 events):
Event: 0.093 Executing non-safepoint VM operation: HandshakeAllThreads (Deoptimize)
Event: 0.093 Executing non-safepoint VM operation: HandshakeAllThreads (Deoptimize) done
Event: 0.099 Executing non-safepoint VM operation: HandshakeAllThreads (Deoptimize)
Event: 0.099 Executing non-safepoint VM operation: HandshakeAllThreads (Deoptimize) done
Event: 0.235 Executing non-safepoint VM operation: HandshakeAllThreads (Deoptimize)
Event: 0.235 Executing non-safepoint VM operation: HandshakeAllThreads (Deoptimize) done
Event: 0.372 Executing non-safepoint VM operation: HandshakeAllThreads (Deoptimize)
Event: 0.372 Executing non-safepoint VM operation: HandshakeAllThreads (Deoptimize) done

Memory protections (0 events):
No events

Nmethod flushes (0 events):
No events

Events (20 events):
Event: 0.041 Thread 0x000001183e885f10 Thread added: 0x000001185f054940
Event: 0.044 Thread 0x000001183e885f10 Thread added: 0x000001185f06fe90
Event: 0.044 Thread 0x000001183e885f10 Thread added: 0x000001185f0708f0
Event: 0.045 Thread 0x000001183e885f10 Thread added: 0x000001185f0b3ad0
Event: 0.045 Thread 0x000001183e885f10 Thread added: 0x000001185f0b4530
Event: 0.045 Thread 0x000001183e885f10 Thread added: 0x000001185f0b4f90
Event: 0.045 Thread 0x000001183e885f10 Thread added: 0x000001185f0b59f0
Event: 0.045 Thread 0x000001183e885f10 Thread added: 0x000001185f0b9470
Event: 0.045 Thread 0x000001183e885f10 Thread added: 0x000001185f0b9f10
Event: 0.075 Thread 0x000001183e885f10 Thread added: 0x000001185f250d40
Event: 0.083 Loaded shared library C:\Users\Lavi\AppData\Local\Programs\Android Studio\jbr\bin\net.dll
Event: 0.085 Loaded shared library C:\Users\Lavi\AppData\Local\Programs\Android Studio\jbr\bin\nio.dll
Event: 0.090 Loaded shared library C:\Users\Lavi\AppData\Local\Programs\Android Studio\jbr\bin\zip.dll
Event: 0.135 Loaded shared library C:\Users\Lavi\AppData\Local\Programs\Android Studio\jbr\bin\jimage.dll
Event: 0.322 Loaded shared library C:\Users\Lavi\AppData\Local\Programs\Android Studio\jbr\bin\extnet.dll
Event: 0.326 Thread 0x000001183e885f10 Thread added: 0x000001185f761910
Event: 0.378 Thread 0x000001185f761910 Thread added: 0x000001185f7c2dd0
Event: 0.392 Thread 0x000001185f761910 Thread added: 0x000001185f8cd2e0
Event: 0.422 Thread 0x000001185f0b9470 Thread added: 0x000001185f812670
Event: 0.424 Thread 0x000001185f0b9f10 Thread added: 0x000001185f812d20


Dynamic libraries:
0x00007ff7f5ac0000 - 0x00007ff7f5aca000 	C:\Users\Lavi\AppData\Local\Programs\Android Studio\jbr\bin\java.exe
0x00007ffd48220000 - 0x00007ffd48486000 	C:\WINDOWS\SYSTEM32\ntdll.dll
0x00007ffd46d60000 - 0x00007ffd46e29000 	C:\WINDOWS\System32\KERNEL32.DLL
0x00007ffd45500000 - 0x00007ffd45900000 	C:\WINDOWS\System32\KERNELBASE.dll
0x00007ffd45cc0000 - 0x00007ffd45e0c000 	C:\WINDOWS\System32\ucrtbase.dll
0x00007ffd3ccb0000 - 0x00007ffd3cccb000 	C:\Users\Lavi\AppData\Local\Programs\Android Studio\jbr\bin\VCRUNTIME140.dll
0x00007ffd2e410000 - 0x00007ffd2e428000 	C:\Users\Lavi\AppData\Local\Programs\Android Studio\jbr\bin\jli.dll
0x00007ffd472e0000 - 0x00007ffd474a7000 	C:\WINDOWS\System32\USER32.dll
0x00007ffd2a5c0000 - 0x00007ffd2a852000 	C:\WINDOWS\WinSxS\amd64_microsoft.windows.common-controls_6595b64144ccf1df_6.0.26100.8737_none_3e092eaee333b772\COMCTL32.dll
0x00007ffd45910000 - 0x00007ffd45937000 	C:\WINDOWS\System32\win32u.dll
0x00007ffd46690000 - 0x00007ffd46739000 	C:\WINDOWS\System32\msvcrt.dll
0x00007ffd46d30000 - 0x00007ffd46d5b000 	C:\WINDOWS\System32\GDI32.dll
0x00007ffd45e20000 - 0x00007ffd45f49000 	C:\WINDOWS\System32\gdi32full.dll
0x00007ffd459d0000 - 0x00007ffd45a73000 	C:\WINDOWS\System32\msvcp_win.dll
0x00007ffd47570000 - 0x00007ffd475a2000 	C:\WINDOWS\System32\IMM32.DLL
0x00007ffd2e400000 - 0x00007ffd2e40c000 	C:\Users\Lavi\AppData\Local\Programs\Android Studio\jbr\bin\vcruntime140_1.dll
0x00007ffc8f540000 - 0x00007ffc8f5cd000 	C:\Users\Lavi\AppData\Local\Programs\Android Studio\jbr\bin\msvcp140.dll
0x00007ffc5a5e0000 - 0x00007ffc5b276000 	C:\Users\Lavi\AppData\Local\Programs\Android Studio\jbr\bin\server\jvm.dll
0x00007ffd46c60000 - 0x00007ffd46d17000 	C:\WINDOWS\System32\ADVAPI32.dll
0x00007ffd474c0000 - 0x00007ffd4756a000 	C:\WINDOWS\System32\sechost.dll
0x00007ffd464e0000 - 0x00007ffd465f8000 	C:\WINDOWS\System32\RPCRT4.dll
0x00007ffd46f90000 - 0x00007ffd47010000 	C:\WINDOWS\System32\WS2_32.dll
0x00007ffd452a0000 - 0x00007ffd452fe000 	C:\WINDOWS\SYSTEM32\POWRPROF.dll
0x00007ffd3aea0000 - 0x00007ffd3aed6000 	C:\WINDOWS\SYSTEM32\WINMM.dll
0x00007ffd3ae90000 - 0x00007ffd3ae9b000 	C:\WINDOWS\SYSTEM32\VERSION.dll
0x00007ffd45280000 - 0x00007ffd45294000 	C:\WINDOWS\SYSTEM32\UMPDC.dll
0x00007ffd440e0000 - 0x00007ffd440fb000 	C:\WINDOWS\SYSTEM32\kernel.appcore.dll
0x00007ffd2d7d0000 - 0x00007ffd2d7da000 	C:\Users\Lavi\AppData\Local\Programs\Android Studio\jbr\bin\jimage.dll
0x00007ffd42a50000 - 0x00007ffd42c92000 	C:\WINDOWS\SYSTEM32\DBGHELP.DLL
0x00007ffd47e30000 - 0x00007ffd481b3000 	C:\WINDOWS\System32\combase.dll
0x00007ffd47020000 - 0x00007ffd470f9000 	C:\WINDOWS\System32\OLEAUT32.dll
0x00007ffd29ae0000 - 0x00007ffd29b1b000 	C:\WINDOWS\SYSTEM32\dbgcore.DLL
0x00007ffd45440000 - 0x00007ffd454ec000 	C:\WINDOWS\System32\bcryptPrimitives.dll
0x00007ffd23940000 - 0x00007ffd23960000 	C:\Users\Lavi\AppData\Local\Programs\Android Studio\jbr\bin\java.dll
0x00007ffd13f60000 - 0x00007ffd13f78000 	C:\Users\Lavi\AppData\Local\Programs\Android Studio\jbr\bin\zip.dll
0x00007ffd475b0000 - 0x00007ffd47d42000 	C:\WINDOWS\System32\SHELL32.dll
0x00007ffd42ea0000 - 0x00007ffd43732000 	C:\WINDOWS\SYSTEM32\windows.storage.dll
0x00007ffd46e30000 - 0x00007ffd46f27000 	C:\WINDOWS\System32\SHCORE.dll
0x00007ffd47d50000 - 0x00007ffd47db7000 	C:\WINDOWS\System32\shlwapi.dll
0x00007ffd45360000 - 0x00007ffd45389000 	C:\WINDOWS\SYSTEM32\profapi.dll
0x00007ffd2d7c0000 - 0x00007ffd2d7d0000 	C:\Users\Lavi\AppData\Local\Programs\Android Studio\jbr\bin\net.dll
0x00007ffd3f210000 - 0x00007ffd3f339000 	C:\WINDOWS\SYSTEM32\WINHTTP.dll
0x00007ffd44670000 - 0x00007ffd446dc000 	C:\WINDOWS\system32\mswsock.dll
0x00007ffd13e30000 - 0x00007ffd13e46000 	C:\Users\Lavi\AppData\Local\Programs\Android Studio\jbr\bin\nio.dll
0x00007ffd44aa0000 - 0x00007ffd44abb000 	C:\WINDOWS\SYSTEM32\CRYPTSP.dll
0x00007ffd44040000 - 0x00007ffd44079000 	C:\WINDOWS\system32\rsaenh.dll
0x00007ffd44730000 - 0x00007ffd44762000 	C:\WINDOWS\SYSTEM32\USERENV.dll
0x00007ffd45330000 - 0x00007ffd4535a000 	C:\WINDOWS\SYSTEM32\bcrypt.dll
0x00007ffd448e0000 - 0x00007ffd448ec000 	C:\WINDOWS\SYSTEM32\CRYPTBASE.dll
0x00007ffd43b40000 - 0x00007ffd43b73000 	C:\WINDOWS\SYSTEM32\IPHLPAPI.DLL
0x00007ffd46000000 - 0x00007ffd4600a000 	C:\WINDOWS\System32\NSI.dll
0x00007ffd14f30000 - 0x00007ffd14f38000 	C:\WINDOWS\system32\wshunix.dll
0x00007ffd2d750000 - 0x00007ffd2d759000 	C:\Users\Lavi\AppData\Local\Programs\Android Studio\jbr\bin\extnet.dll

JVMTI agents: none

dbghelp: loaded successfully - version: 4.0.5 - missing functions: none
symbol engine: initialized successfully - sym options: 0x614 - pdb path: .;C:\Users\Lavi\AppData\Local\Programs\Android Studio\jbr\bin;C:\WINDOWS\SYSTEM32;C:\WINDOWS\WinSxS\amd64_microsoft.windows.common-controls_6595b64144ccf1df_6.0.26100.8737_none_3e092eaee333b772;C:\Users\Lavi\AppData\Local\Programs\Android Studio\jbr\bin\server

VM Arguments:
java_command: git4idea.http.GitAskPassApp Username for 'https://github.com': 
java_class_path (initial): C:/Users/Lavi/AppData/Local/Programs/Android Studio/plugins/vcs-git/lib/git4idea-rt.jar;C:/Users/Lavi/AppData/Local/Programs/Android Studio/lib/externalProcess-rt.jar
Launcher Type: SUN_STANDARD

[Global flags]
     intx CICompilerCount                          = 4                                         {product} {ergonomic}
     uint ConcGCThreads                            = 3                                         {product} {ergonomic}
     uint G1ConcRefinementThreads                  = 10                                        {product} {ergonomic}
   size_t G1HeapRegionSize                         = 2097152                                   {product} {ergonomic}
    uintx GCDrainStackTargetSize                   = 64                                        {product} {ergonomic}
   size_t InitialHeapSize                          = 262144000                                 {product} {ergonomic}
   size_t MarkStackSize                            = 4194304                                   {product} {ergonomic}
   size_t MaxHeapSize                              = 4192206848                                {product} {ergonomic}
   size_t MaxNewSize                               = 2514485248                                {product} {ergonomic}
   size_t MinHeapDeltaBytes                        = 2097152                                   {product} {ergonomic}
   size_t MinHeapSize                              = 8388608                                   {product} {ergonomic}
    uintx NonNMethodCodeHeapSize                   = 5839372                                {pd product} {ergonomic}
    uintx NonProfiledCodeHeapSize                  = 122909434                              {pd product} {ergonomic}
    uintx ProfiledCodeHeapSize                     = 122909434                              {pd product} {ergonomic}
    uintx ReservedCodeCacheSize                    = 251658240                              {pd product} {ergonomic}
     bool SegmentedCodeCache                       = true                                      {product} {ergonomic}
   size_t SoftMaxHeapSize                          = 4192206848                             {manageable} {ergonomic}
     bool UseCompressedOops                        = true                           {product lp64_product} {ergonomic}
     bool UseG1GC                                  = true                                      {product} {ergonomic}
     bool UseLargePagesIndividualAllocation        = false                                  {pd product} {ergonomic}

Logging:
Log output configuration:
 #0: stdout all=warning uptime,level,tags foldmultilines=false
 #1: stderr all=off uptime,level,tags foldmultilines=false

Release file:
JAVA_VERSION="21.0.10" 
MODULES="java.base java.compiler java.datatransfer java.xml java.prefs java.desktop java.instrument java.logging java.management java.security.sasl java.naming java.rmi java.management.rmi java.net.http java.scripting java.security.jgss java.transaction.xa java.sql java.sql.rowset java.xml.crypto java.se java.smartcardio jdk.accessibility jdk.internal.jvmstat jdk.attach jdk.charsets jdk.internal.opt jdk.zipfs jdk.compiler jdk.crypto.ec jdk.crypto.cryptoki jdk.dynalink jdk.hotspot.agent jdk.httpserver jdk.internal.ed jdk.internal.le jdk.internal.vm.ci jdk.jartool jdk.javadoc jdk.jcmd jdk.jdeps jdk.jdwp.agent jdk.jdi jdk.jfr jdk.jlink jdk.jsobject jdk.localedata jdk.management jdk.management.agent jdk.management.jfr jdk.naming.dns jdk.naming.rmi jdk.net jdk.sctp jdk.security.auth jdk.security.jgss jdk.unsupported jdk.unsupported.desktop jdk.xml.dom" 
IMPLEMENTOR="JetBrains s.r.o." 
JAVA_RUNTIME_VERSION="21.0.10+-14961533-b1163.108" 
LIBC="default" 
OS_ARCH="x86_64" 
OS_NAME="Windows" 
SOURCE=".:git:1351622c2ff2" 

Environment Variables:
PATH=C:\Program Files\Git\mingw64\libexec\git-core;C:\Program Files\Git\mingw64\libexec\git-core;C:\Program Files\Git\mingw64\bin;C:\Program Files\Git\usr\bin;C:\Users\Lavi\bin;C:\WINDOWS\system32;C:\WINDOWS;C:\WINDOWS\System32\Wbem;C:\WINDOWS\System32\WindowsPowerShell\v1.0;C:\WINDOWS\System32\OpenSSH;C:\Program Files\Microsoft VS Code\bin;C:\Program Files\dotnet;C:\Program Files\Git\cmd;C:\Program Files\nodejs;C:\Program Files\swipl\bin;C:\Program Files (x86)\SMLNJ\bin;C:\Users\Lavi\Documents\platform-tools;C:\Program Files\PowerToys\DSCModules;C:\Users\Lavi\.local\bin;C:\Program Files\CMake\bin;C:\msys64\usr\bin;C:\Windows\System32\WindowsPowerShell\v1.0\powershell.exe;C:\Users\Lavi\AppData\Local\Programs\Python\Python313\Scripts;C:\Users\Lavi\AppData\Local\Programs\Python\Python313;C:\Users\Lavi\AppData\Local\Programs\Python\Python314\Scripts;C:\Users\Lavi\AppData\Local\Programs\Python\Python314;C:\Users\Lavi\AppData\Local\Microsoft\WindowsApps;C:\Users\Lavi\AppData\Roaming\npm;C:\Users\Lavi\AppData\Local\GitHubDesktop\bin;C:\Users\Lavi\AppData\Local\Python\bin;C:\Users\Lavi\AppData\Local\JetBrains\Toolbox\scripts;C:\Users\Lavi\AppData\Roaming\Microsoft\Windows\Start Menu\Programs\Python\Python 3.14;C:\Users\Lavi\Documents\platform-tools;C:\Users\Lavi\.local\bin;%USERPROFILE%\.dotnet\tools;C:\Program Files\CMake\bin;C:\msys64\usr\bin;C:\msys64\ucrt64\bin
USERNAME=Lavi
DISPLAY=:0.0
LC_ALL=en_US.UTF-8
TERM=xterm-256color
TMPDIR=C:\Users\Lavi\AppData\Local\Temp
OS=Windows_NT
PROCESSOR_IDENTIFIER=Intel64 Family 6 Model 154 Stepping 4, GenuineIntel
TMP=C:\Users\Lavi\AppData\Local\Temp
TEMP=C:\Users\Lavi\AppData\Local\Temp




Periodic native trim disabled

JNI global refs:
JNI global refs: 20, weak refs: 0

JNI global refs memory usage: 835, weak refs: 833

Process memory usage:
Resident Set Size: 87336K (0% of 16374136K total physical memory with 1047012K free physical memory)

OOME stack traces (most recent first):
Classloader memory used:
Loader bootstrap                                                                       : 15237K
Loader jdk.internal.loader.ClassLoaders$PlatformClassLoader                            : 1763K
Loader jdk.internal.loader.ClassLoaders$AppClassLoader                                 : 28080B

---------------  S Y S T E M  ---------------

OS:
 Windows 11 , 64 bit Build 26100 (10.0.26100.8737)
OS uptime: 0 days 3:43 hours
Hyper-V role detected

CPU: total 12 (initial active 12) (6 cores per cpu, 2 threads per core) family 6 model 154 stepping 4 microcode 0x43b, cx8, cmov, fxsr, ht, mmx, 3dnowpref, sse, sse2, sse3, ssse3, sse4.1, sse4.2, popcnt, lzcnt, tsc, tscinvbit, avx, avx2, aes, erms, clmul, bmi1, bmi2, adx, sha, fma, vzeroupper, clflush, clflushopt, clwb, hv, serialize, rdtscp, rdpid, fsrm, f16c, cet_ibt, cet_ss
Processor Information for processor 0
  Max Mhz: 2600, Current Mhz: 2600, Mhz Limit: 2600
Processor Information for processor 1
  Max Mhz: 2600, Current Mhz: 2600, Mhz Limit: 2600
Processor Information for processor 2
  Max Mhz: 2600, Current Mhz: 2600, Mhz Limit: 2600
Processor Information for processor 3
  Max Mhz: 2600, Current Mhz: 2600, Mhz Limit: 2600
Processor Information for processor 4
  Max Mhz: 2600, Current Mhz: 1900, Mhz Limit: 1898
Processor Information for processor 5
  Max Mhz: 2600, Current Mhz: 1500, Mhz Limit: 1898
Processor Information for processor 6
  Max Mhz: 2600, Current Mhz: 1900, Mhz Limit: 1898
Processor Information for processor 7
  Max Mhz: 2600, Current Mhz: 1900, Mhz Limit: 1898
Processor Information for processor 8
  Max Mhz: 2600, Current Mhz: 1900, Mhz Limit: 1898
Processor Information for processor 9
  Max Mhz: 2600, Current Mhz: 1900, Mhz Limit: 1898
Processor Information for processor 10
  Max Mhz: 2600, Current Mhz: 1900, Mhz Limit: 1898
Processor Information for processor 11
  Max Mhz: 2600, Current Mhz: 1900, Mhz Limit: 1898

Memory: 4k page, system-wide physical 15990M (1022M free)
TotalPageFile size 33808M (AvailPageFile size 6M)
current process WorkingSet (physical memory assigned to process): 85M, peak: 85M
current process commit charge ("private bytes"): 362M, peak: 363M

vm_info: OpenJDK 64-Bit Server VM (21.0.10+-14961533-b1163.108) for windows-amd64 JRE (21.0.10+-14961533-b1163.108), built on 2026-03-02T19:58:50Z by "builder" with MS VC++ 16.10 / 16.11 (VS2019)

END.
